/Users/elwinli/Case-studies/.venv/lib/python3.9/site-packages/urllib3/__init__.py:35: NotOpenSSLWarning: urllib3 v2 only supports OpenSSL 1.1.1+, currently the 'ssl' module is compiled with 'LibreSSL 2.8.3'. See: https://github.com/urllib3/urllib3/issues/3020
  warnings.warn(
[corpus] (1/15) querying: 'Alzheimer's disease drug repurposing'...
  [s2] 429 rate-limited on 'Alzheimer's disease drug repurposing', backing off 15s (attempt 1/6)...
  [s2] 429 rate-limited on 'Alzheimer's disease drug repurposing', backing off 30s (attempt 2/6)...
  [s2] 429 rate-limited on 'Alzheimer's disease drug repurposing', backing off 60s (attempt 3/6)...
  [s2] 429 rate-limited on 'Alzheimer's disease drug repurposing', backing off 120s (attempt 4/6)...
[corpus]   100 results, 87 new unique papers (total so far: 87)
[corpus] (2/15) querying: 'Alzheimer's disease drug repositioning'...
  [s2] 429 rate-limited on 'Alzheimer's disease drug repositioning', backing off 15s (attempt 1/6)...
  [s2] 429 rate-limited on 'Alzheimer's disease drug repositioning', backing off 30s (attempt 2/6)...
  [s2] 429 rate-limited on 'Alzheimer's disease drug repositioning', backing off 60s (attempt 3/6)...
  [s2] 429 rate-limited on 'Alzheimer's disease drug repositioning', backing off 120s (attempt 4/6)...
  [s2] 429 rate-limited on 'Alzheimer's disease drug repositioning', backing off 240s (attempt 5/6)...
  [s2] 429 rate-limited on 'Alzheimer's disease drug repositioning', backing off 480s (attempt 6/6)...
[corpus]   FAILED: S2 request exhausted retries for 'Alzheimer's disease drug repositioning'
[corpus] (3/15) querying: 'Alzheimer's disease network pharmacology treatment'...
  [s2] 429 rate-limited on 'Alzheimer's disease network pharmacology treatment', backing off 15s (attempt 1/6)...
  [s2] 429 rate-limited on 'Alzheimer's disease network pharmacology treatment', backing off 30s (attempt 2/6)...
  [s2] 429 rate-limited on 'Alzheimer's disease network pharmacology treatment', backing off 60s (attempt 3/6)...
  [s2] 429 rate-limited on 'Alzheimer's disease network pharmacology treatment', backing off 120s (attempt 4/6)...
  [s2] 429 rate-limited on 'Alzheimer's disease network pharmacology treatment', backing off 240s (attempt 5/6)...
  [s2] 429 rate-limited on 'Alzheimer's disease network pharmacology treatment', backing off 480s (attempt 6/6)...
[corpus]   FAILED: S2 request exhausted retries for 'Alzheimer's disease network pharmacology treatment'
[corpus] (4/15) querying: 'Alzheimer's disease FDA approved drug neuroprotection'...
  [s2] 429 rate-limited on 'Alzheimer's disease FDA approved drug neuroprotection', backing off 15s (attempt 1/6)...
  [s2] 429 rate-limited on 'Alzheimer's disease FDA approved drug neuroprotection', backing off 30s (attempt 2/6)...
  [s2] 429 rate-limited on 'Alzheimer's disease FDA approved drug neuroprotection', backing off 60s (attempt 3/6)...
  [s2] 429 rate-limited on 'Alzheimer's disease FDA approved drug neuroprotection', backing off 120s (attempt 4/6)...
  [s2] 429 rate-limited on 'Alzheimer's disease FDA approved drug neuroprotection', backing off 240s (attempt 5/6)...
  [s2] 429 rate-limited on 'Alzheimer's disease FDA approved drug neuroprotection', backing off 480s (attempt 6/6)...
[corpus]   FAILED: S2 request exhausted retries for 'Alzheimer's disease FDA approved drug neuroprotection'
[corpus] (5/15) querying: 'Alzheimer's disease therapeutic target mechanism'...
  [s2] 429 rate-limited on 'Alzheimer's disease therapeutic target mechanism', backing off 15s (attempt 1/6)...
  [s2] 429 rate-limited on 'Alzheimer's disease therapeutic target mechanism', backing off 30s (attempt 2/6)...
  [s2] 429 rate-limited on 'Alzheimer's disease therapeutic target mechanism', backing off 60s (attempt 3/6)...
  [s2] 429 rate-limited on 'Alzheimer's disease therapeutic target mechanism', backing off 120s (attempt 4/6)...
  [s2] 429 rate-limited on 'Alzheimer's disease therapeutic target mechanism', backing off 240s (attempt 5/6)...
  [s2] 429 rate-limited on 'Alzheimer's disease therapeutic target mechanism', backing off 480s (attempt 6/6)...
[corpus]   FAILED: S2 request exhausted retries for 'Alzheimer's disease therapeutic target mechanism'
[corpus] (6/15) querying: 'metformin Alzheimer's disease'...
  [s2] 429 rate-limited on 'metformin Alzheimer's disease', backing off 15s (attempt 1/6)...
  [s2] 429 rate-limited on 'metformin Alzheimer's disease', backing off 30s (attempt 2/6)...
  [s2] 429 rate-limited on 'metformin Alzheimer's disease', backing off 60s (attempt 3/6)...
  [s2] 429 rate-limited on 'metformin Alzheimer's disease', backing off 120s (attempt 4/6)...
  [s2] 429 rate-limited on 'metformin Alzheimer's disease', backing off 240s (attempt 5/6)...
  [s2] 429 rate-limited on 'metformin Alzheimer's disease', backing off 480s (attempt 6/6)...
[corpus]   FAILED: S2 request exhausted retries for 'metformin Alzheimer's disease'
[corpus] (7/15) querying: 'AMPK mTOR Alzheimer's disease'...
  [s2] 429 rate-limited on 'AMPK mTOR Alzheimer's disease', backing off 15s (attempt 1/6)...
  [s2] 429 rate-limited on 'AMPK mTOR Alzheimer's disease', backing off 30s (attempt 2/6)...
  [s2] 429 rate-limited on 'AMPK mTOR Alzheimer's disease', backing off 60s (attempt 3/6)...
  [s2] 429 rate-limited on 'AMPK mTOR Alzheimer's disease', backing off 120s (attempt 4/6)...
[corpus]   100 results, 77 new unique papers (total so far: 164)
[corpus] (8/15) querying: 'liraglutide Alzheimer's disease'...
  [s2] 429 rate-limited on 'liraglutide Alzheimer's disease', backing off 15s (attempt 1/6)...
  [s2] 429 rate-limited on 'liraglutide Alzheimer's disease', backing off 30s (attempt 2/6)...
  [s2] 429 rate-limited on 'liraglutide Alzheimer's disease', backing off 60s (attempt 3/6)...
  [s2] 429 rate-limited on 'liraglutide Alzheimer's disease', backing off 120s (attempt 4/6)...
  [s2] 429 rate-limited on 'liraglutide Alzheimer's disease', backing off 240s (attempt 5/6)...
  [s2] 429 rate-limited on 'liraglutide Alzheimer's disease', backing off 480s (attempt 6/6)...
[corpus]   FAILED: S2 request exhausted retries for 'liraglutide Alzheimer's disease'
[corpus] (9/15) querying: 'GLP-1 receptor agonist Alzheimer's disease'...
  [s2] 429 rate-limited on 'GLP-1 receptor agonist Alzheimer's disease', backing off 15s (attempt 1/6)...
  [s2] 429 rate-limited on 'GLP-1 receptor agonist Alzheimer's disease', backing off 30s (attempt 2/6)...
  [s2] 429 rate-limited on 'GLP-1 receptor agonist Alzheimer's disease', backing off 60s (attempt 3/6)...
  [s2] 429 rate-limited on 'GLP-1 receptor agonist Alzheimer's disease', backing off 120s (attempt 4/6)...
  [s2] 429 rate-limited on 'GLP-1 receptor agonist Alzheimer's disease', backing off 240s (attempt 5/6)...
  [s2] 429 rate-limited on 'GLP-1 receptor agonist Alzheimer's disease', backing off 480s (attempt 6/6)...
[corpus]   FAILED: S2 request exhausted retries for 'GLP-1 receptor agonist Alzheimer's disease'
[corpus] (10/15) querying: 'pioglitazone Alzheimer's disease'...
  [s2] 429 rate-limited on 'pioglitazone Alzheimer's disease', backing off 15s (attempt 1/6)...
  [s2] 429 rate-limited on 'pioglitazone Alzheimer's disease', backing off 30s (attempt 2/6)...
  [s2] 429 rate-limited on 'pioglitazone Alzheimer's disease', backing off 60s (attempt 3/6)...
  [s2] 429 rate-limited on 'pioglitazone Alzheimer's disease', backing off 120s (attempt 4/6)...
  [s2] 429 rate-limited on 'pioglitazone Alzheimer's disease', backing off 240s (attempt 5/6)...
  [s2] 429 rate-limited on 'pioglitazone Alzheimer's disease', backing off 480s (attempt 6/6)...
[corpus]   FAILED: S2 request exhausted retries for 'pioglitazone Alzheimer's disease'
[corpus] (11/15) querying: 'PPAR gamma Alzheimer's disease'...
